[parraprietodavid87.wixsite.com/mapaturisticoquin.html]
[parraprietodavid87.wixsite.com/t.1.delayed]
[parraprietodavid87.wixsite.com/index.html]
[parraprietodavid87.wixsite.com/e.2.delayed]
[backblue.gif]
[fade.gif]
[index.html]
[parraprietodavid87.wixsite.com/mapaturisticoquin/en.html]
[parraprietodavid87.wixsite.com/mapaturisticoquin/mapa-de-circasia-2025.html]
[parraprietodavid87.wixsite.com/mapaturisticoquin/alquiler-finca-hoteles.html]
[parraprietodavid87.wixsite.com/mapaturisticoquin/mapa-del-quinío.html]
[parraprietodavid87.wixsite.com/mapaturisticoquin/quindio-comercial.html]
[parraprietodavid87.wixsite.com/mapaturisticoquin/centros-comerciales.html]
[parraprietodavid87.wixsite.com/mapaturisticoquin/copia-de-centros-comerciales-1.html]
[parraprietodavid87.wixsite.com/mapaturisticoquin/copia-de-centros-comerciales.html]
[parraprietodavid87.wixsite.com/mapaturisticoquin/municipios-del-quindío.html]
[parraprietodavid87.wixsite.com/mapaturisticoquin/copia-de-municipios-del-quindío.html]
[parraprietodavid87.wixsite.com/mapaturisticoquin/copia-de-armenia.html]
[parraprietodavid87.wixsite.com/mapaturisticoquin/copia-de-pijao.html]
[parraprietodavid87.wixsite.com/mapaturisticoquin/copia-de-la-tebaida.html]
[parraprietodavid87.wixsite.com/mapaturisticoquin/copia-de-buenavista.html]
[parraprietodavid87.wixsite.com/mapaturisticoquin/copia-de-cordoba.html]
[parraprietodavid87.wixsite.com/mapaturisticoquin/agencias-operadoras-turisticas.html]
[parraprietodavid87.wixsite.com/mapaturisticoquin/services-3.html]
[parraprietodavid87.wixsite.com/mapaturisticoquin/empresas-de-transporte.html]
[parraprietodavid87.wixsite.com/mapaturisticoquin/mamá-luz.html]
[parraprietodavid87.wixsite.com/mapaturisticoquin/copia-de-mamá-luz-1.html]
[parraprietodavid87.wixsite.com/mapaturisticoquin/copia-de-mamá-luz.html]
[parraprietodavid87.wixsite.com/mapaturisticoquin/sitios-turisticos.html]
[parraprietodavid87.wixsite.com/mapaturisticoquin/parqué-del-café.html]
[parraprietodavid87.wixsite.com/mapaturisticoquin/copia-de-mirador-mano-de-acaime.html]
[parraprietodavid87.wixsite.com/mapaturisticoquin/copia-de-parqué-del-café-2.html]
[parraprietodavid87.wixsite.com/mapaturisticoquin/quinti-parque-en-la-montaña.html]
[parraprietodavid87.wixsite.com/mapaturisticoquin/parque-los-arrieros.html]
[parraprietodavid87.wixsite.com/mapaturisticoquin/copia-de-qinti-parque-en-la-montaña.html]
[parraprietodavid87.wixsite.com/mapaturisticoquin/alojamientos.html]
[parraprietodavid87.wixsite.com/mapaturisticoquin/cabalgatas-el-carmelo.html]
[parraprietodavid87.wixsite.com/mapaturisticoquin/copia-de-parqué-del-café.html]
[parraprietodavid87.wixsite.com/mapaturisticoquin/copia-de-parqué-del-café-1.html]
[parraprietodavid87.wixsite.com/mapaturisticoquin/copia-de-hotel-café-café-campestre.html]
[parraprietodavid87.wixsite.com/sitemap.26.delayed]
[parraprietodavid87.wixsite.com/envelope/index.html]
[parraprietodavid87.wixsite.com/api/index.html]
[parraprietodavid87.wixsite.com/mapaturisticoquin/copia-de-finca-hotel-la-dulcera-1.html]
[parraprietodavid87.wixsite.com/feed.27.delayed]
[parraprietodavid87.wixsite.com/mapaturisticoquin/copia-de-finca-hotel-la-dulcera.html]
[parraprietodavid87.wixsite.com/decodeURIComponent(e.28.delayed]
[parraprietodavid87.wixsite.com/mapaturisticoquin.html]
[parraprietodavid87.wixsite.com/index.html]
[parraprietodavid87.wixsite.com/t.html]
[parraprietodavid87.wixsite.com/e.html]
[parraprietodavid87.wixsite.com/mapaturisticoquin/en.html]
[parraprietodavid87.wixsite.com/mapaturisticoquin/mapa-de-circasia-2025.html]
[parraprietodavid87.wixsite.com/mapaturisticoquin/alquiler-finca-hoteles.html]
[parraprietodavid87.wixsite.com/mapaturisticoquin/mapa-del-quinío.html]
[parraprietodavid87.wixsite.com/mapaturisticoquin/quindio-comercial.html]
[parraprietodavid87.wixsite.com/mapaturisticoquin/centros-comerciales.html]
[parraprietodavid87.wixsite.com/mapaturisticoquin/copia-de-centros-comerciales-1.html]
[parraprietodavid87.wixsite.com/mapaturisticoquin/copia-de-centros-comerciales.html]
[parraprietodavid87.wixsite.com/mapaturisticoquin/municipios-del-quindío.html]
[parraprietodavid87.wixsite.com/mapaturisticoquin/copia-de-municipios-del-quindío.html]
[parraprietodavid87.wixsite.com/mapaturisticoquin/copia-de-armenia.html]
[parraprietodavid87.wixsite.com/mapaturisticoquin/copia-de-pijao.html]
[parraprietodavid87.wixsite.com/mapaturisticoquin/copia-de-la-tebaida.html]
[parraprietodavid87.wixsite.com/mapaturisticoquin/copia-de-buenavista.html]
[parraprietodavid87.wixsite.com/mapaturisticoquin/copia-de-cordoba.html]
[parraprietodavid87.wixsite.com/mapaturisticoquin/agencias-operadoras-turisticas.html]
[parraprietodavid87.wixsite.com/mapaturisticoquin/services-3.html]
[parraprietodavid87.wixsite.com/mapaturisticoquin/empresas-de-transporte.html]
[parraprietodavid87.wixsite.com/mapaturisticoquin/mamá-luz.html]
[parraprietodavid87.wixsite.com/mapaturisticoquin/copia-de-mamá-luz-1.html]
[parraprietodavid87.wixsite.com/mapaturisticoquin/copia-de-mamá-luz.html]
[parraprietodavid87.wixsite.com/mapaturisticoquin/sitios-turisticos.html]
[parraprietodavid87.wixsite.com/mapaturisticoquin/parqué-del-café.html]
[parraprietodavid87.wixsite.com/mapaturisticoquin/copia-de-mirador-mano-de-acaime.html]
[parraprietodavid87.wixsite.com/mapaturisticoquin/copia-de-parqué-del-café-2.html]
[parraprietodavid87.wixsite.com/mapaturisticoquin/quinti-parque-en-la-montaña.html]
[parraprietodavid87.wixsite.com/mapaturisticoquin/parque-los-arrieros.html]
[parraprietodavid87.wixsite.com/mapaturisticoquin/copia-de-qinti-parque-en-la-montaña.html]
[parraprietodavid87.wixsite.com/mapaturisticoquin/cabalgatas-el-carmelo.html]
[parraprietodavid87.wixsite.com/mapaturisticoquin/copia-de-parqué-del-café.html]
[parraprietodavid87.wixsite.com/mapaturisticoquin/alojamientos.html]
[parraprietodavid87.wixsite.com/mapaturisticoquin/copia-de-parqué-del-café-1.html]
[parraprietodavid87.wixsite.com/mapaturisticoquin/copia-de-hotel-café-café-campestre.html]
[parraprietodavid87.wixsite.com/mapaturisticoquin/copia-de-finca-hotel-la-dulcera-1.html]
[parraprietodavid87.wixsite.com/mapaturisticoquin/copia-de-finca-hotel-la-dulcera.html]
[parraprietodavid87.wixsite.com/api/index.html]
[parraprietodavid87.wixsite.com/envelope/index.html]
[parraprietodavid87.wixsite.com/sitemap.html]
[parraprietodavid87.wixsite.com/feed.html]
[parraprietodavid87.wixsite.com/decodeURIComponent(e.html]
