[parraprietodavid87.wixsite.com/mapaturisticoquin.html]
[parraprietodavid87.wixsite.com/index.html]
[parraprietodavid87.wixsite.com/t.1.delayed]
[parraprietodavid87.wixsite.com/e.2.delayed]
[backblue.gif]
[fade.gif]
[index.html]
[parraprietodavid87.wixsite.com/mapaturisticoquin/en.html]
[parraprietodavid87.wixsite.com/mapaturisticoquin/mapa-de-circasia-2025.html]
[parraprietodavid87.wixsite.com/mapaturisticoquin/alquiler-finca-hoteles.html]
[parraprietodavid87.wixsite.com/mapaturisticoquin/mapa-del-quinío.html]
[parraprietodavid87.wixsite.com/mapaturisticoquin/quindio-comercial.html]
[parraprietodavid87.wixsite.com/mapaturisticoquin/centros-comerciales.html]
[parraprietodavid87.wixsite.com/mapaturisticoquin/copia-de-centros-comerciales-1.html]
[parraprietodavid87.wixsite.com/mapaturisticoquin/copia-de-centros-comerciales.html]
[parraprietodavid87.wixsite.com/mapaturisticoquin/municipios-del-quindío.html]
[parraprietodavid87.wixsite.com/mapaturisticoquin/copia-de-municipios-del-quindío.html]
[parraprietodavid87.wixsite.com/mapaturisticoquin/copia-de-armenia.html]
[parraprietodavid87.wixsite.com/mapaturisticoquin/copia-de-pijao.html]
[parraprietodavid87.wixsite.com/mapaturisticoquin/copia-de-la-tebaida.html]
[parraprietodavid87.wixsite.com/mapaturisticoquin/copia-de-buenavista.html]
[parraprietodavid87.wixsite.com/mapaturisticoquin/copia-de-cordoba.html]
[parraprietodavid87.wixsite.com/mapaturisticoquin/agencias-operadoras-turisticas.html]
[parraprietodavid87.wixsite.com/mapaturisticoquin/services-3.html]
[parraprietodavid87.wixsite.com/mapaturisticoquin/empresas-de-transporte.html]
[parraprietodavid87.wixsite.com/mapaturisticoquin/mamá-luz.html]
[parraprietodavid87.wixsite.com/mapaturisticoquin/copia-de-mamá-luz-1.html]
[parraprietodavid87.wixsite.com/mapaturisticoquin/copia-de-mamá-luz.html]
[parraprietodavid87.wixsite.com/mapaturisticoquin/sitios-turisticos.html]
[parraprietodavid87.wixsite.com/mapaturisticoquin/parqué-del-café.html]
[parraprietodavid87.wixsite.com/mapaturisticoquin/copia-de-mirador-mano-de-acaime.html]
[parraprietodavid87.wixsite.com/mapaturisticoquin/copia-de-parqué-del-café-2.html]
[parraprietodavid87.wixsite.com/mapaturisticoquin/quinti-parque-en-la-montaña.html]
[parraprietodavid87.wixsite.com/mapaturisticoquin/parque-los-arrieros.html]
[parraprietodavid87.wixsite.com/mapaturisticoquin/copia-de-qinti-parque-en-la-montaña.html]
[parraprietodavid87.wixsite.com/mapaturisticoquin/cabalgatas-el-carmelo.html]
[parraprietodavid87.wixsite.com/mapaturisticoquin/copia-de-parqué-del-café.html]
[parraprietodavid87.wixsite.com/mapaturisticoquin/alojamientos.html]
[parraprietodavid87.wixsite.com/mapaturisticoquin/copia-de-parqué-del-café-1.html]
[parraprietodavid87.wixsite.com/mapaturisticoquin/copia-de-hotel-café-café-campestre.html]
[parraprietodavid87.wixsite.com/mapaturisticoquin/copia-de-finca-hotel-la-dulcera-1.html]
[parraprietodavid87.wixsite.com/api/index.html]
[parraprietodavid87.wixsite.com/envelope/index.html]
[parraprietodavid87.wixsite.com/sitemap.26.delayed]
[parraprietodavid87.wixsite.com/mapaturisticoquin/copia-de-finca-hotel-la-dulcera.html]
[parraprietodavid87.wixsite.com/feed.27.delayed]
[parraprietodavid87.wixsite.com/decodeURIComponent(e.28.delayed]
[parraprietodavid87.wixsite.com/mapaturisticoquin.html]
[parraprietodavid87.wixsite.com/index.html]
[parraprietodavid87.wixsite.com/t.html]
[parraprietodavid87.wixsite.com/e.html]
[parraprietodavid87.wixsite.com/mapaturisticoquin/t.29.delayed]
[parraprietodavid87.wixsite.com/mapaturisticoquin/e.2a.delayed]
[parraprietodavid87.wixsite.com/mapaturisticoquin/en/mapa-de-circasia-2025.html]
[parraprietodavid87.wixsite.com/mapaturisticoquin/en/alquiler-finca-hoteles.html]
[parraprietodavid87.wixsite.com/mapaturisticoquin/en/mapa-del-quinío.html]
[parraprietodavid87.wixsite.com/mapaturisticoquin/en/quindio-comercial.html]
[parraprietodavid87.wixsite.com/mapaturisticoquin/en/centros-comerciales.html]
[parraprietodavid87.wixsite.com/mapaturisticoquin/en/copia-de-centros-comerciales-1.html]
[parraprietodavid87.wixsite.com/mapaturisticoquin/en/copia-de-centros-comerciales.html]
[parraprietodavid87.wixsite.com/mapaturisticoquin/en/municipios-del-quindío.html]
[parraprietodavid87.wixsite.com/mapaturisticoquin/en/copia-de-municipios-del-quindío.html]
[parraprietodavid87.wixsite.com/mapaturisticoquin/en/copia-de-armenia.html]
[parraprietodavid87.wixsite.com/mapaturisticoquin/en/copia-de-pijao.html]
[parraprietodavid87.wixsite.com/mapaturisticoquin/en/copia-de-la-tebaida.html]
[parraprietodavid87.wixsite.com/mapaturisticoquin/en/copia-de-buenavista.html]
[parraprietodavid87.wixsite.com/mapaturisticoquin/en/copia-de-cordoba.html]
[parraprietodavid87.wixsite.com/mapaturisticoquin/en/agencias-operadoras-turisticas.html]
[parraprietodavid87.wixsite.com/mapaturisticoquin/en/services-3.html]
[parraprietodavid87.wixsite.com/mapaturisticoquin/en/empresas-de-transporte.html]
[parraprietodavid87.wixsite.com/mapaturisticoquin/en/mamá-luz.html]
[parraprietodavid87.wixsite.com/mapaturisticoquin/en/copia-de-mamá-luz-1.html]
[parraprietodavid87.wixsite.com/mapaturisticoquin/en/copia-de-mamá-luz.html]
[parraprietodavid87.wixsite.com/mapaturisticoquin/en/sitios-turisticos.html]
[parraprietodavid87.wixsite.com/mapaturisticoquin/en/parqué-del-café.html]
[parraprietodavid87.wixsite.com/mapaturisticoquin/en/copia-de-mirador-mano-de-acaime.html]
[parraprietodavid87.wixsite.com/mapaturisticoquin/en/copia-de-parqué-del-café-2.html]
[parraprietodavid87.wixsite.com/mapaturisticoquin/en/quinti-parque-en-la-montaña.html]
[parraprietodavid87.wixsite.com/mapaturisticoquin/en/parque-los-arrieros.html]
[parraprietodavid87.wixsite.com/mapaturisticoquin/en/copia-de-qinti-parque-en-la-montaña.html]
[parraprietodavid87.wixsite.com/mapaturisticoquin/en/cabalgatas-el-carmelo.html]
[parraprietodavid87.wixsite.com/mapaturisticoquin/en/copia-de-parqué-del-café.html]
[parraprietodavid87.wixsite.com/mapaturisticoquin/en/alojamientos.html]
[parraprietodavid87.wixsite.com/mapaturisticoquin/en/copia-de-parqué-del-café-1.html]
[parraprietodavid87.wixsite.com/mapaturisticoquin/en/copia-de-hotel-café-café-campestre.html]
[parraprietodavid87.wixsite.com/mapaturisticoquin/en/copia-de-finca-hotel-la-dulcera-1.html]
[parraprietodavid87.wixsite.com/mapaturisticoquin/en/copia-de-finca-hotel-la-dulcera.html]
[parraprietodavid87.wixsite.com/mapaturisticoquin/robots.4d.delayed]
[parraprietodavid87.wixsite.com/mapaturisticoquin/sitemap.xml]
[parraprietodavid87.wixsite.com/mapaturisticoquin/feed.4f.delayed]
[parraprietodavid87.wixsite.com/mapaturisticoquin/decodeURIComponent(e.50.delayed]
[parraprietodavid87.wixsite.com/mapaturisticoquin/en.html]
[parraprietodavid87.wixsite.com/mapaturisticoquin/mapa-de-circasia-2025.html]
[parraprietodavid87.wixsite.com/mapaturisticoquin/alquiler-finca-hoteles.html]
[parraprietodavid87.wixsite.com/mapaturisticoquin/mapa-del-quinío.html]
[parraprietodavid87.wixsite.com/mapaturisticoquin/quindio-comercial.html]
[parraprietodavid87.wixsite.com/mapaturisticoquin/centros-comerciales.html]
[parraprietodavid87.wixsite.com/mapaturisticoquin/media/emptystate.85a4add5.51.delayed]
[parraprietodavid87.wixsite.com/mapaturisticoquin/copia-de-centros-comerciales-1.html]
[parraprietodavid87.wixsite.com/mapaturisticoquin/copia-de-centros-comerciales.html]
[parraprietodavid87.wixsite.com/mapaturisticoquin/municipios-del-quindío.html]
[parraprietodavid87.wixsite.com/mapaturisticoquin/copia-de-municipios-del-quindío.html]
[parraprietodavid87.wixsite.com/mapaturisticoquin/copia-de-armenia.html]
[parraprietodavid87.wixsite.com/mapaturisticoquin/copia-de-pijao.html]
[parraprietodavid87.wixsite.com/mapaturisticoquin/copia-de-la-tebaida.html]
[parraprietodavid87.wixsite.com/mapaturisticoquin/copia-de-buenavista.html]
[parraprietodavid87.wixsite.com/mapaturisticoquin/copia-de-cordoba.html]
[parraprietodavid87.wixsite.com/mapaturisticoquin/agencias-operadoras-turisticas.html]
[parraprietodavid87.wixsite.com/mapaturisticoquin/services-3.html]
[parraprietodavid87.wixsite.com/mapaturisticoquin/empresas-de-transporte.html]
[parraprietodavid87.wixsite.com/mapaturisticoquin/mamá-luz.html]
[parraprietodavid87.wixsite.com/mapaturisticoquin/copia-de-mamá-luz-1.html]
[parraprietodavid87.wixsite.com/mapaturisticoquin/copia-de-mamá-luz.html]
[parraprietodavid87.wixsite.com/mapaturisticoquin/sitios-turisticos.html]
[parraprietodavid87.wixsite.com/mapaturisticoquin/parqué-del-café.html]
[parraprietodavid87.wixsite.com/mapaturisticoquin/copia-de-mirador-mano-de-acaime.html]
[parraprietodavid87.wixsite.com/mapaturisticoquin/copia-de-parqué-del-café-2.html]
[parraprietodavid87.wixsite.com/mapaturisticoquin/quinti-parque-en-la-montaña.html]
[parraprietodavid87.wixsite.com/mapaturisticoquin/parque-los-arrieros.html]
[parraprietodavid87.wixsite.com/mapaturisticoquin/copia-de-qinti-parque-en-la-montaña.html]
[parraprietodavid87.wixsite.com/mapaturisticoquin/cabalgatas-el-carmelo.html]
[parraprietodavid87.wixsite.com/mapaturisticoquin/copia-de-parqué-del-café.html]
[parraprietodavid87.wixsite.com/mapaturisticoquin/alojamientos.html]
[parraprietodavid87.wixsite.com/mapaturisticoquin/copia-de-parqué-del-café-1.html]
[parraprietodavid87.wixsite.com/mapaturisticoquin/copia-de-hotel-café-café-campestre.html]
[parraprietodavid87.wixsite.com/mapaturisticoquin/copia-de-finca-hotel-la-dulcera-1.html]
[parraprietodavid87.wixsite.com/mapaturisticoquin/copia-de-finca-hotel-la-dulcera.html]
[parraprietodavid87.wixsite.com/api/index.html]
[parraprietodavid87.wixsite.com/envelope/index.html]
[parraprietodavid87.wixsite.com/sitemap.html]
[parraprietodavid87.wixsite.com/feed.html]
[parraprietodavid87.wixsite.com/decodeURIComponent(e.html]
[parraprietodavid87.wixsite.com/mapaturisticoquin/t.html]
[parraprietodavid87.wixsite.com/mapaturisticoquin/e.html]
[parraprietodavid87.wixsite.com/mapaturisticoquin/en/t.52.delayed]
[parraprietodavid87.wixsite.com/mapaturisticoquin/en/e.53.delayed]
[parraprietodavid87.wixsite.com/mapaturisticoquin/en/robots.54.delayed]
[parraprietodavid87.wixsite.com/mapaturisticoquin/en/sitemap.55.delayed]
[parraprietodavid87.wixsite.com/mapaturisticoquin/en/feed.56.delayed]
[parraprietodavid87.wixsite.com/mapaturisticoquin/en/decodeURIComponent(e.57.delayed]
[parraprietodavid87.wixsite.com/mapaturisticoquin/en/mapa-de-circasia-2025.html]
[parraprietodavid87.wixsite.com/mapaturisticoquin/en/alquiler-finca-hoteles.html]
[parraprietodavid87.wixsite.com/mapaturisticoquin/en/mapa-del-quinío.html]
[parraprietodavid87.wixsite.com/mapaturisticoquin/en/quindio-comercial.html]
[parraprietodavid87.wixsite.com/mapaturisticoquin/en/centros-comerciales.html]
[parraprietodavid87.wixsite.com/mapaturisticoquin/en/media/emptystate.85a4add5.58.delayed]
[parraprietodavid87.wixsite.com/mapaturisticoquin/en/copia-de-centros-comerciales-1.html]
[parraprietodavid87.wixsite.com/mapaturisticoquin/en/copia-de-centros-comerciales.html]
[parraprietodavid87.wixsite.com/mapaturisticoquin/en/municipios-del-quindío.html]
[parraprietodavid87.wixsite.com/mapaturisticoquin/en/copia-de-municipios-del-quindío.html]
[parraprietodavid87.wixsite.com/mapaturisticoquin/en/copia-de-armenia.html]
[parraprietodavid87.wixsite.com/mapaturisticoquin/en/copia-de-pijao.html]
[parraprietodavid87.wixsite.com/mapaturisticoquin/en/copia-de-la-tebaida.html]
[parraprietodavid87.wixsite.com/mapaturisticoquin/en/copia-de-buenavista.html]
[parraprietodavid87.wixsite.com/mapaturisticoquin/en/copia-de-cordoba.html]
[parraprietodavid87.wixsite.com/mapaturisticoquin/en/agencias-operadoras-turisticas.html]
[parraprietodavid87.wixsite.com/mapaturisticoquin/en/services-3.html]
[parraprietodavid87.wixsite.com/mapaturisticoquin/en/empresas-de-transporte.html]
[parraprietodavid87.wixsite.com/mapaturisticoquin/en/mamá-luz.html]
[parraprietodavid87.wixsite.com/mapaturisticoquin/en/copia-de-mamá-luz-1.html]
[parraprietodavid87.wixsite.com/mapaturisticoquin/en/copia-de-mamá-luz.html]
[parraprietodavid87.wixsite.com/mapaturisticoquin/en/sitios-turisticos.html]
[parraprietodavid87.wixsite.com/mapaturisticoquin/en/parqué-del-café.html]
[parraprietodavid87.wixsite.com/mapaturisticoquin/en/copia-de-mirador-mano-de-acaime.html]
[parraprietodavid87.wixsite.com/mapaturisticoquin/en/copia-de-parqué-del-café-2.html]
[parraprietodavid87.wixsite.com/mapaturisticoquin/en/quinti-parque-en-la-montaña.html]
[parraprietodavid87.wixsite.com/mapaturisticoquin/en/parque-los-arrieros.html]
[parraprietodavid87.wixsite.com/mapaturisticoquin/en/copia-de-qinti-parque-en-la-montaña.html]
[parraprietodavid87.wixsite.com/mapaturisticoquin/en/cabalgatas-el-carmelo.html]
[parraprietodavid87.wixsite.com/mapaturisticoquin/en/copia-de-parqué-del-café.html]
[parraprietodavid87.wixsite.com/mapaturisticoquin/en/alojamientos.html]
[parraprietodavid87.wixsite.com/mapaturisticoquin/en/copia-de-parqué-del-café-1.html]
[parraprietodavid87.wixsite.com/mapaturisticoquin/en/copia-de-hotel-café-café-campestre.html]
[parraprietodavid87.wixsite.com/mapaturisticoquin/en/copia-de-finca-hotel-la-dulcera-1.html]
[parraprietodavid87.wixsite.com/mapaturisticoquin/en/copia-de-finca-hotel-la-dulcera.html]
[parraprietodavid87.wixsite.com/mapaturisticoquin/robots.html]
[parraprietodavid87.wixsite.com/mapaturisticoquin/feed.html]
[parraprietodavid87.wixsite.com/mapaturisticoquin/decodeURIComponent(e.html]
[parraprietodavid87.wixsite.com/mapaturisticoquin/media/emptystate.85a4add5.html]
[parraprietodavid87.wixsite.com/mapaturisticoquin/en/t.html]
[parraprietodavid87.wixsite.com/mapaturisticoquin/en/e.html]
[parraprietodavid87.wixsite.com/mapaturisticoquin/en/robots.html]
[parraprietodavid87.wixsite.com/mapaturisticoquin/en/sitemap.html]
[parraprietodavid87.wixsite.com/mapaturisticoquin/en/feed.html]
[parraprietodavid87.wixsite.com/mapaturisticoquin/en/decodeURIComponent(e.html]
[parraprietodavid87.wixsite.com/mapaturisticoquin/en/media/emptystate.85a4add5.html]
